── truecolor · 80 ──
[90m┌[0m  [1;38;2;255;255;255;48;2;38;132;122m Tidewater Studio [0m[90m · status[0m
[90m│[0m
[38;2;20;121;111m◆[0m  [1mAccount and license[0m
[90m│[0m  Active[90m · [0mPro license[90m · Lifetime[0m
[90m│[0m  Signed in as Mara Fennick[90m · mara@fennick.studio[0m
[90m│[0m  Version 2.4.1[90m · stable[0m
[90m└[0m
── ansi16 · 80 ──
[90m┌[0m  [1;7;36m Tidewater Studio [0m[90m · status[0m
[90m│[0m
[36m◆[0m  [1mAccount and license[0m
[90m│[0m  Active[90m · [0mPro license[90m · Lifetime[0m
[90m│[0m  Signed in as Mara Fennick[90m · mara@fennick.studio[0m
[90m│[0m  Version 2.4.1[90m · stable[0m
[90m└[0m
── no-color · 80 ──
┌   Tidewater Studio  · status
│
◆  Account and license
│  Active · Pro license · Lifetime
│  Signed in as Mara Fennick · mara@fennick.studio
│  Version 2.4.1 · stable
└
── ascii · 80 ──
[90m+[0m  [1;7;36m Tidewater Studio [0m[90m - status[0m
[90m|[0m
[36m*[0m  [1mAccount and license[0m
[90m|[0m  Active[90m - [0mPro license[90m - Lifetime[0m
[90m|[0m  Signed in as Mara Fennick[90m - mara@fennick.studio[0m
[90m|[0m  Version 2.4.1[90m - stable[0m
[90m`[0m
── truecolor · 60 ──
[90m┌[0m  [1;38;2;255;255;255;48;2;38;132;122m Tidewater Studio [0m[90m · status[0m
[90m│[0m
[38;2;20;121;111m◆[0m  [1mAccount and license[0m
[90m│[0m  Active[90m · [0mPro license[90m · Lifetime[0m
[90m│[0m  Signed in as Mara Fennick[90m · mara@fennick.studio[0m
[90m│[0m  Version 2.4.1[90m · stable[0m
[90m└[0m
── ansi16 · 60 ──
[90m┌[0m  [1;7;36m Tidewater Studio [0m[90m · status[0m
[90m│[0m
[36m◆[0m  [1mAccount and license[0m
[90m│[0m  Active[90m · [0mPro license[90m · Lifetime[0m
[90m│[0m  Signed in as Mara Fennick[90m · mara@fennick.studio[0m
[90m│[0m  Version 2.4.1[90m · stable[0m
[90m└[0m
── no-color · 60 ──
┌   Tidewater Studio  · status
│
◆  Account and license
│  Active · Pro license · Lifetime
│  Signed in as Mara Fennick · mara@fennick.studio
│  Version 2.4.1 · stable
└
── ascii · 60 ──
[90m+[0m  [1;7;36m Tidewater Studio [0m[90m - status[0m
[90m|[0m
[36m*[0m  [1mAccount and license[0m
[90m|[0m  Active[90m - [0mPro license[90m - Lifetime[0m
[90m|[0m  Signed in as Mara Fennick[90m - mara@fennick.studio[0m
[90m|[0m  Version 2.4.1[90m - stable[0m
[90m`[0m
── pipe · 80 ──
Tidewater Studio · status
Account and license
Active · Pro license · Lifetime
Signed in as Mara Fennick · mara@fennick.studio
Version 2.4.1 · stable
