── truecolor · 80 ──
[2m┌[0m  [1;38;2;255;255;255;48;2;38;132;122m Tidewater Studio [0m[2m · activate[0m
[2m│[0m
[38;2;20;121;111m◆[0m  [1mLicense key[0m  [2mYou'll find it in your purchase email.[0m
[2m│[0m  [2m••••••••••••••[0m[1;7m [0m
[2m│[0m  [31m✗[0m That doesn't look like a license key. Keys start with pkey_.
[2m└[0m  [1mEnter[0m [2mactivate · [0m[1mEsc[0m [2mcancel[0m
── ansi16 · 80 ──
[2m┌[0m  [1;7;36m Tidewater Studio [0m[2m · activate[0m
[2m│[0m
[36m◆[0m  [1mLicense key[0m  [2mYou'll find it in your purchase email.[0m
[2m│[0m  [2m••••••••••••••[0m[1;7m [0m
[2m│[0m  [31m✗[0m That doesn't look like a license key. Keys start with pkey_.
[2m└[0m  [1mEnter[0m [2mactivate · [0m[1mEsc[0m [2mcancel[0m
── no-color · 80 ──
┌  [7m Tidewater Studio [0m · activate
│
◆  [1mLicense key[0m  You'll find it in your purchase email.
│  ••••••••••••••[1;7m [0m
│  ✗ That doesn't look like a license key. Keys start with pkey_.
└  [1mEnter[0m activate · [1mEsc[0m cancel
── ascii · 80 ──
[2m+[0m  [1;7;36m Tidewater Studio [0m[2m - activate[0m
[2m|[0m
[36m*[0m  [1mLicense key[0m  [2mYou'll find it in your purchase email.[0m
[2m|[0m  [2m**************[0m[1;7m [0m
[2m|[0m  [31mx[0m That doesn't look like a license key. Keys start with pkey_.
[2m`[0m  [1mEnter[0m [2mactivate - [0m[1mEsc[0m [2mcancel[0m
── truecolor · 60 ──
[2m┌[0m  [1;38;2;255;255;255;48;2;38;132;122m Tidewater Studio [0m[2m · activate[0m
[2m│[0m
[38;2;20;121;111m◆[0m  [1mLicense key[0m  [2mYou'll find it in your purchase email.[0m
[2m│[0m  [2m••••••••••••••[0m[1;7m [0m
[2m│[0m  [31m✗[0m That doesn't look like a license key. Keys start
[2m│[0m  with pkey_.
[2m└[0m  [1mEnter[0m [2mactivate · [0m[1mEsc[0m [2mcancel[0m
── ansi16 · 60 ──
[2m┌[0m  [1;7;36m Tidewater Studio [0m[2m · activate[0m
[2m│[0m
[36m◆[0m  [1mLicense key[0m  [2mYou'll find it in your purchase email.[0m
[2m│[0m  [2m••••••••••••••[0m[1;7m [0m
[2m│[0m  [31m✗[0m That doesn't look like a license key. Keys start
[2m│[0m  with pkey_.
[2m└[0m  [1mEnter[0m [2mactivate · [0m[1mEsc[0m [2mcancel[0m
── no-color · 60 ──
┌  [7m Tidewater Studio [0m · activate
│
◆  [1mLicense key[0m  You'll find it in your purchase email.
│  ••••••••••••••[1;7m [0m
│  ✗ That doesn't look like a license key. Keys start
│  with pkey_.
└  [1mEnter[0m activate · [1mEsc[0m cancel
── ascii · 60 ──
[2m+[0m  [1;7;36m Tidewater Studio [0m[2m - activate[0m
[2m|[0m
[36m*[0m  [1mLicense key[0m  [2mYou'll find it in your purchase email.[0m
[2m|[0m  [2m**************[0m[1;7m [0m
[2m|[0m  [31mx[0m That doesn't look like a license key. Keys start
[2m|[0m  with pkey_.
[2m`[0m  [1mEnter[0m [2mactivate - [0m[1mEsc[0m [2mcancel[0m
── pipe · 80 ──
Tidewater Studio · activate
License key  You'll find it in your purchase email.
••••••••••••••
That doesn't look like a license key. Keys start with pkey_.
Enter activate · Esc cancel
