── truecolor · 80 ──
[2m┌[0m  [1;38;2;255;255;255;48;2;38;132;122m Tidewater Studio [0m[2m · boot[0m
[2m│[0m
[31m✗[0m  [1mUpdate required[0m
[2m│[0m  This version is no longer supported. Update the app to continue.
[2m│[0m
[2m└[0m  [1mtidewater update[0m   [2mUpdate[0m
── ansi16 · 80 ──
[2m┌[0m  [1;7;36m Tidewater Studio [0m[2m · boot[0m
[2m│[0m
[31m✗[0m  [1mUpdate required[0m
[2m│[0m  This version is no longer supported. Update the app to continue.
[2m│[0m
[2m└[0m  [1mtidewater update[0m   [2mUpdate[0m
── no-color · 80 ──
┌  [7m Tidewater Studio [0m · boot
│
✗  [1mUpdate required[0m
│  This version is no longer supported. Update the app to continue.
│
└  [1mtidewater update[0m   Update
── ascii · 80 ──
[2m+[0m  [1;7;36m Tidewater Studio [0m[2m - boot[0m
[2m|[0m
[31mx[0m  [1mUpdate required[0m
[2m|[0m  This version is no longer supported. Update the app to continue.
[2m|[0m
[2m`[0m  [1mtidewater update[0m   [2mUpdate[0m
── truecolor · 60 ──
[2m┌[0m  [1;38;2;255;255;255;48;2;38;132;122m Tidewater Studio [0m[2m · boot[0m
[2m│[0m
[31m✗[0m  [1mUpdate required[0m
[2m│[0m  This version is no longer supported. Update the app
[2m│[0m  to continue.
[2m│[0m
[2m└[0m  [1mtidewater update[0m   [2mUpdate[0m
── ansi16 · 60 ──
[2m┌[0m  [1;7;36m Tidewater Studio [0m[2m · boot[0m
[2m│[0m
[31m✗[0m  [1mUpdate required[0m
[2m│[0m  This version is no longer supported. Update the app
[2m│[0m  to continue.
[2m│[0m
[2m└[0m  [1mtidewater update[0m   [2mUpdate[0m
── no-color · 60 ──
┌  [7m Tidewater Studio [0m · boot
│
✗  [1mUpdate required[0m
│  This version is no longer supported. Update the app
│  to continue.
│
└  [1mtidewater update[0m   Update
── ascii · 60 ──
[2m+[0m  [1;7;36m Tidewater Studio [0m[2m - boot[0m
[2m|[0m
[31mx[0m  [1mUpdate required[0m
[2m|[0m  This version is no longer supported. Update the app
[2m|[0m  to continue.
[2m|[0m
[2m`[0m  [1mtidewater update[0m   [2mUpdate[0m
── pipe · 80 ──
Tidewater Studio · boot
Update required
This version is no longer supported. Update the app to continue.

tidewater update   Update
