── truecolor · 80 ──
[2m┌[0m  [1;38;2;255;255;255;48;2;38;132;122m Tidewater Studio [0m[2m · boot[0m
[2m│[0m
[33m▲[0m  [1mYou're offline[0m
[2m│[0m  Some content couldn't be downloaded. You can keep going with what's
[2m│[0m  installed, or connect and try again.
[2m│[0m
[2m└[0m  [1mtidewater boot[0m   [2mTry again[0m
── ansi16 · 80 ──
[2m┌[0m  [1;7;36m Tidewater Studio [0m[2m · boot[0m
[2m│[0m
[33m▲[0m  [1mYou're offline[0m
[2m│[0m  Some content couldn't be downloaded. You can keep going with what's
[2m│[0m  installed, or connect and try again.
[2m│[0m
[2m└[0m  [1mtidewater boot[0m   [2mTry again[0m
── no-color · 80 ──
┌  [7m Tidewater Studio [0m · boot
│
▲  [1mYou're offline[0m
│  Some content couldn't be downloaded. You can keep going with what's
│  installed, or connect and try again.
│
└  [1mtidewater boot[0m   Try again
── ascii · 80 ──
[2m+[0m  [1;7;36m Tidewater Studio [0m[2m - boot[0m
[2m|[0m
[33m![0m  [1mYou're offline[0m
[2m|[0m  Some content couldn't be downloaded. You can keep going with what's
[2m|[0m  installed, or connect and try again.
[2m|[0m
[2m`[0m  [1mtidewater boot[0m   [2mTry again[0m
── truecolor · 60 ──
[2m┌[0m  [1;38;2;255;255;255;48;2;38;132;122m Tidewater Studio [0m[2m · boot[0m
[2m│[0m
[33m▲[0m  [1mYou're offline[0m
[2m│[0m  Some content couldn't be downloaded. You can keep going
[2m│[0m  with what's installed, or connect and try again.
[2m│[0m
[2m└[0m  [1mtidewater boot[0m   [2mTry again[0m
── ansi16 · 60 ──
[2m┌[0m  [1;7;36m Tidewater Studio [0m[2m · boot[0m
[2m│[0m
[33m▲[0m  [1mYou're offline[0m
[2m│[0m  Some content couldn't be downloaded. You can keep going
[2m│[0m  with what's installed, or connect and try again.
[2m│[0m
[2m└[0m  [1mtidewater boot[0m   [2mTry again[0m
── no-color · 60 ──
┌  [7m Tidewater Studio [0m · boot
│
▲  [1mYou're offline[0m
│  Some content couldn't be downloaded. You can keep going
│  with what's installed, or connect and try again.
│
└  [1mtidewater boot[0m   Try again
── ascii · 60 ──
[2m+[0m  [1;7;36m Tidewater Studio [0m[2m - boot[0m
[2m|[0m
[33m![0m  [1mYou're offline[0m
[2m|[0m  Some content couldn't be downloaded. You can keep going
[2m|[0m  with what's installed, or connect and try again.
[2m|[0m
[2m`[0m  [1mtidewater boot[0m   [2mTry again[0m
── pipe · 80 ──
Tidewater Studio · boot
You're offline
Some content couldn't be downloaded. You can keep going with what's installed,
or connect and try again.

tidewater boot   Try again
