── truecolor · 80 ──
[2m⠹[0m  Checking your license…
[32m✓[0m  [1mTidewater Studio[0m[2m · Ready[0m
── ansi16 · 80 ──
[2m⠹[0m  Checking your license…
[32m✓[0m  [1mTidewater Studio[0m[2m · Ready[0m
── no-color · 80 ──
⠹  Checking your license…
✓  [1mTidewater Studio[0m · Ready
── ascii · 80 ──
[2m-[0m  Checking your license…
[32m+[0m  [1mTidewater Studio[0m[2m - Ready[0m
── truecolor · 60 ──
[2m⠹[0m  Checking your license…
[32m✓[0m  [1mTidewater Studio[0m[2m · Ready[0m
── ansi16 · 60 ──
[2m⠹[0m  Checking your license…
[32m✓[0m  [1mTidewater Studio[0m[2m · Ready[0m
── no-color · 60 ──
⠹  Checking your license…
✓  [1mTidewater Studio[0m · Ready
── ascii · 60 ──
[2m-[0m  Checking your license…
[32m+[0m  [1mTidewater Studio[0m[2m - Ready[0m
── pipe · 80 ──
Checking your license…
Tidewater Studio · Ready
