── truecolor · 80 ──
[90m⠹[0m  Downloading content · 38 MB of 91 MB
── ansi16 · 80 ──
[90m⠹[0m  Downloading content · 38 MB of 91 MB
── no-color · 80 ──
⠹  Downloading content · 38 MB of 91 MB
── ascii · 80 ──
[90m-[0m  Downloading content · 38 MB of 91 MB
── truecolor · 60 ──
[90m⠹[0m  Downloading content · 38 MB of 91 MB
── ansi16 · 60 ──
[90m⠹[0m  Downloading content · 38 MB of 91 MB
── no-color · 60 ──
⠹  Downloading content · 38 MB of 91 MB
── ascii · 60 ──
[90m-[0m  Downloading content · 38 MB of 91 MB
── pipe · 80 ──
Downloading content · 38 MB of 91 MB
