── truecolor · 80 ──
[2m┌[0m  [1;38;2;255;255;255;48;2;38;132;122m Tidewater Studio [0m[2m · devices[0m
[2m│[0m
[38;2;20;121;111m◆[0m  [1mYour devices[0m[2m · 3[0m
[2m│[0m  [2m○[0m [1mWork laptop[0m
[2m│[0m    [2mWindows 11 · last seen 41 days ago · dev_9k2[0m
[2m│[0m  [2m○[0m [1mMara’s iPad[0m
[2m│[0m    [2miPadOS 26 · last seen yesterday · dev_4m7[0m
[2m│[0m  [38;2;20;121;111m●[0m [1mMacBook Pro[0m
[2m│[0m    [2mmacOS 26 · last seen today · dev_1c3 · This computer[0m
[2m│[0m
[2m│[0m  [1mtidewater devices rename <id> <name>[0m   [2mRename[0m
[2m└[0m  [1mtidewater devices deauthorize <id>[0m     [2mRemove[0m
── ansi16 · 80 ──
[2m┌[0m  [1;7;36m Tidewater Studio [0m[2m · devices[0m
[2m│[0m
[36m◆[0m  [1mYour devices[0m[2m · 3[0m
[2m│[0m  [2m○[0m [1mWork laptop[0m
[2m│[0m    [2mWindows 11 · last seen 41 days ago · dev_9k2[0m
[2m│[0m  [2m○[0m [1mMara’s iPad[0m
[2m│[0m    [2miPadOS 26 · last seen yesterday · dev_4m7[0m
[2m│[0m  [36m●[0m [1mMacBook Pro[0m
[2m│[0m    [2mmacOS 26 · last seen today · dev_1c3 · This computer[0m
[2m│[0m
[2m│[0m  [1mtidewater devices rename <id> <name>[0m   [2mRename[0m
[2m└[0m  [1mtidewater devices deauthorize <id>[0m     [2mRemove[0m
── no-color · 80 ──
┌  [7m Tidewater Studio [0m · devices
│
◆  [1mYour devices[0m · 3
│  ○ [1mWork laptop[0m
│    Windows 11 · last seen 41 days ago · dev_9k2
│  ○ [1mMara’s iPad[0m
│    iPadOS 26 · last seen yesterday · dev_4m7
│  ● [1mMacBook Pro[0m
│    macOS 26 · last seen today · dev_1c3 · This computer
│
│  [1mtidewater devices rename <id> <name>[0m   Rename
└  [1mtidewater devices deauthorize <id>[0m     Remove
── ascii · 80 ──
[2m+[0m  [1;7;36m Tidewater Studio [0m[2m - devices[0m
[2m|[0m
[36m*[0m  [1mYour devices[0m[2m - 3[0m
[2m|[0m  [2m( )[0m [1mWork laptop[0m
[2m|[0m    [2mWindows 11 · last seen 41 days ago - dev_9k2[0m
[2m|[0m  [2m( )[0m [1mMara’s iPad[0m
[2m|[0m    [2miPadOS 26 · last seen yesterday - dev_4m7[0m
[2m|[0m  [36m(*)[0m [1mMacBook Pro[0m
[2m|[0m    [2mmacOS 26 · last seen today - dev_1c3 - This computer[0m
[2m|[0m
[2m|[0m  [1mtidewater devices rename <id> <name>[0m   [2mRename[0m
[2m`[0m  [1mtidewater devices deauthorize <id>[0m     [2mRemove[0m
── truecolor · 60 ──
[2m┌[0m  [1;38;2;255;255;255;48;2;38;132;122m Tidewater Studio [0m[2m · devices[0m
[2m│[0m
[38;2;20;121;111m◆[0m  [1mYour devices[0m[2m · 3[0m
[2m│[0m  [2m○[0m [1mWork laptop[0m
[2m│[0m    [2mWindows 11 · last seen 41 days ago · dev_9k2[0m
[2m│[0m  [2m○[0m [1mMara’s iPad[0m
[2m│[0m    [2miPadOS 26 · last seen yesterday · dev_4m7[0m
[2m│[0m  [38;2;20;121;111m●[0m [1mMacBook Pro[0m
[2m│[0m    [2mmacOS 26 · last seen today · dev_1c3 · This computer[0m
[2m│[0m
[2m│[0m  [1mtidewater devices rename <id> <name>[0m   [2mRename[0m
[2m└[0m  [1mtidewater devices deauthorize <id>[0m     [2mRemove[0m
── ansi16 · 60 ──
[2m┌[0m  [1;7;36m Tidewater Studio [0m[2m · devices[0m
[2m│[0m
[36m◆[0m  [1mYour devices[0m[2m · 3[0m
[2m│[0m  [2m○[0m [1mWork laptop[0m
[2m│[0m    [2mWindows 11 · last seen 41 days ago · dev_9k2[0m
[2m│[0m  [2m○[0m [1mMara’s iPad[0m
[2m│[0m    [2miPadOS 26 · last seen yesterday · dev_4m7[0m
[2m│[0m  [36m●[0m [1mMacBook Pro[0m
[2m│[0m    [2mmacOS 26 · last seen today · dev_1c3 · This computer[0m
[2m│[0m
[2m│[0m  [1mtidewater devices rename <id> <name>[0m   [2mRename[0m
[2m└[0m  [1mtidewater devices deauthorize <id>[0m     [2mRemove[0m
── no-color · 60 ──
┌  [7m Tidewater Studio [0m · devices
│
◆  [1mYour devices[0m · 3
│  ○ [1mWork laptop[0m
│    Windows 11 · last seen 41 days ago · dev_9k2
│  ○ [1mMara’s iPad[0m
│    iPadOS 26 · last seen yesterday · dev_4m7
│  ● [1mMacBook Pro[0m
│    macOS 26 · last seen today · dev_1c3 · This computer
│
│  [1mtidewater devices rename <id> <name>[0m   Rename
└  [1mtidewater devices deauthorize <id>[0m     Remove
── ascii · 60 ──
[2m+[0m  [1;7;36m Tidewater Studio [0m[2m - devices[0m
[2m|[0m
[36m*[0m  [1mYour devices[0m[2m - 3[0m
[2m|[0m  [2m( )[0m [1mWork laptop[0m
[2m|[0m    [2mWindows 11 · last seen 41 days ago - dev_9k2[0m
[2m|[0m  [2m( )[0m [1mMara’s iPad[0m
[2m|[0m    [2miPadOS 26 · last seen yesterday - dev_4m7[0m
[2m|[0m  [36m(*)[0m [1mMacBook Pro[0m
[2m|[0m    [2mmacOS 26 · last seen today - dev_1c3 - This computer[0m
[2m|[0m
[2m|[0m  [1mtidewater devices rename <id> <name>[0m   [2mRename[0m
[2m`[0m  [1mtidewater devices deauthorize <id>[0m     [2mRemove[0m
── pipe · 80 ──
Tidewater Studio · devices
Your devices · 3
 Work laptop
  Windows 11 · last seen 41 days ago · dev_9k2
 Mara’s iPad
  iPadOS 26 · last seen yesterday · dev_4m7
 MacBook Pro
  macOS 26 · last seen today · dev_1c3 · This computer

tidewater devices rename <id> <name>   Rename
tidewater devices deauthorize <id>     Remove
