── truecolor · 80 ──
[2m┌[0m  [1;38;2;255;255;255;48;2;38;132;122m Tidewater Studio [0m[2m · status[0m
[2m│[0m
[33m▲[0m  [1mOffline · reconnect today to keep using Tidewater Studio[0m
[2m│[0m  [2mReconnect by Oct 3[0m
[2m│[0m
[32m✓[0m  License   [1mPro[0m[2m · Lifetime · mara@fennick.studio[0m
[32m✓[0m  Offline   [1muntil Oct 3[0m
[32m✓[0m  Version   [1m2.4.1[0m[2m · stable[0m
[2m│[0m
[2m└[0m  [1mtidewater status[0m   [2mReconnect[0m
── ansi16 · 80 ──
[2m┌[0m  [1;7;36m Tidewater Studio [0m[2m · status[0m
[2m│[0m
[33m▲[0m  [1mOffline · reconnect today to keep using Tidewater Studio[0m
[2m│[0m  [2mReconnect by Oct 3[0m
[2m│[0m
[32m✓[0m  License   [1mPro[0m[2m · Lifetime · mara@fennick.studio[0m
[32m✓[0m  Offline   [1muntil Oct 3[0m
[32m✓[0m  Version   [1m2.4.1[0m[2m · stable[0m
[2m│[0m
[2m└[0m  [1mtidewater status[0m   [2mReconnect[0m
── no-color · 80 ──
┌  [7m Tidewater Studio [0m · status
│
▲  [1mOffline · reconnect today to keep using Tidewater Studio[0m
│  Reconnect by Oct 3
│
✓  License   [1mPro[0m · Lifetime · mara@fennick.studio
✓  Offline   [1muntil Oct 3[0m
✓  Version   [1m2.4.1[0m · stable
│
└  [1mtidewater status[0m   Reconnect
── ascii · 80 ──
[2m+[0m  [1;7;36m Tidewater Studio [0m[2m - status[0m
[2m|[0m
[33m![0m  [1mOffline · reconnect today to keep using Tidewater Studio[0m
[2m|[0m  [2mReconnect by Oct 3[0m
[2m|[0m
[32m+[0m  License   [1mPro[0m[2m - Lifetime - mara@fennick.studio[0m
[32m+[0m  Offline   [1muntil Oct 3[0m
[32m+[0m  Version   [1m2.4.1[0m[2m - stable[0m
[2m|[0m
[2m`[0m  [1mtidewater status[0m   [2mReconnect[0m
── truecolor · 60 ──
[2m┌[0m  [1;38;2;255;255;255;48;2;38;132;122m Tidewater Studio [0m[2m · status[0m
[2m│[0m
[33m▲[0m  [1mOffline · reconnect today to keep using Tidewater Studio[0m
[2m│[0m  [2mReconnect by Oct 3[0m
[2m│[0m
[32m✓[0m  License   [1mPro[0m[2m · Lifetime · mara@fennick.studio[0m
[32m✓[0m  Offline   [1muntil Oct 3[0m
[32m✓[0m  Version   [1m2.4.1[0m[2m · stable[0m
[2m│[0m
[2m└[0m  [1mtidewater status[0m   [2mReconnect[0m
── ansi16 · 60 ──
[2m┌[0m  [1;7;36m Tidewater Studio [0m[2m · status[0m
[2m│[0m
[33m▲[0m  [1mOffline · reconnect today to keep using Tidewater Studio[0m
[2m│[0m  [2mReconnect by Oct 3[0m
[2m│[0m
[32m✓[0m  License   [1mPro[0m[2m · Lifetime · mara@fennick.studio[0m
[32m✓[0m  Offline   [1muntil Oct 3[0m
[32m✓[0m  Version   [1m2.4.1[0m[2m · stable[0m
[2m│[0m
[2m└[0m  [1mtidewater status[0m   [2mReconnect[0m
── no-color · 60 ──
┌  [7m Tidewater Studio [0m · status
│
▲  [1mOffline · reconnect today to keep using Tidewater Studio[0m
│  Reconnect by Oct 3
│
✓  License   [1mPro[0m · Lifetime · mara@fennick.studio
✓  Offline   [1muntil Oct 3[0m
✓  Version   [1m2.4.1[0m · stable
│
└  [1mtidewater status[0m   Reconnect
── ascii · 60 ──
[2m+[0m  [1;7;36m Tidewater Studio [0m[2m - status[0m
[2m|[0m
[33m![0m  [1mOffline · reconnect today to keep using Tidewater Studio[0m
[2m|[0m  [2mReconnect by Oct 3[0m
[2m|[0m
[32m+[0m  License   [1mPro[0m[2m - Lifetime - mara@fennick.studio[0m
[32m+[0m  Offline   [1muntil Oct 3[0m
[32m+[0m  Version   [1m2.4.1[0m[2m - stable[0m
[2m|[0m
[2m`[0m  [1mtidewater status[0m   [2mReconnect[0m
── pipe · 80 ──
Tidewater Studio · status
Offline · reconnect today to keep using Tidewater Studio
Reconnect by Oct 3

License   Pro · Lifetime · mara@fennick.studio
Offline   until Oct 3
Version   2.4.1 · stable

tidewater status   Reconnect
