── truecolor · 80 ──
[2m┌[0m  [1;38;2;255;255;255;48;2;38;132;122m Tidewater Studio [0m[2m · import-bundle[0m
[2m│[0m
[32m✓[0m  [1mActivated from the offline file.[0m
[2m└[0m  [2mlicense + config[0m
── ansi16 · 80 ──
[2m┌[0m  [1;7;36m Tidewater Studio [0m[2m · import-bundle[0m
[2m│[0m
[32m✓[0m  [1mActivated from the offline file.[0m
[2m└[0m  [2mlicense + config[0m
── no-color · 80 ──
┌  [7m Tidewater Studio [0m · import-bundle
│
✓  [1mActivated from the offline file.[0m
└  license + config
── ascii · 80 ──
[2m+[0m  [1;7;36m Tidewater Studio [0m[2m - import-bundle[0m
[2m|[0m
[32m+[0m  [1mActivated from the offline file.[0m
[2m`[0m  [2mlicense + config[0m
── truecolor · 60 ──
[2m┌[0m  [1;38;2;255;255;255;48;2;38;132;122m Tidewater Studio [0m[2m · import-bundle[0m
[2m│[0m
[32m✓[0m  [1mActivated from the offline file.[0m
[2m└[0m  [2mlicense + config[0m
── ansi16 · 60 ──
[2m┌[0m  [1;7;36m Tidewater Studio [0m[2m · import-bundle[0m
[2m│[0m
[32m✓[0m  [1mActivated from the offline file.[0m
[2m└[0m  [2mlicense + config[0m
── no-color · 60 ──
┌  [7m Tidewater Studio [0m · import-bundle
│
✓  [1mActivated from the offline file.[0m
└  license + config
── ascii · 60 ──
[2m+[0m  [1;7;36m Tidewater Studio [0m[2m - import-bundle[0m
[2m|[0m
[32m+[0m  [1mActivated from the offline file.[0m
[2m`[0m  [2mlicense + config[0m
── pipe · 80 ──
Tidewater Studio · import-bundle
Activated from the offline file.
license + config
