── truecolor · 80 ──
[90m┌[0m  [1;38;2;255;255;255;48;2;38;132;122m Tidewater Studio [0m[90m · offline-request[0m
[90m│[0m
[38;2;20;121;111m◆[0m  [1mOffline activation[0m
[90m│[0m  Send this request code to whoever gave you your license.
[90m│[0m  [90mProduct: Tidewater Studio[0m
[90m│[0m
[90m│[0m     [1;7m dev_8f3a2c19e04b [0m
[90m│[0m
[90m│[0m     [38;2;0;0;0;48;2;255;255;255m                             [0m
[90m│[0m     [38;2;0;0;0;48;2;255;255;255m  █▀▀▀▀▀█  ▄▄▀   ▀▀ █▀▀▀▀▀█  [0m
[90m│[0m     [38;2;0;0;0;48;2;255;255;255m  █ ███ █ █▄█ █ ▀ ▀ █ ███ █  [0m
[90m│[0m     [38;2;0;0;0;48;2;255;255;255m  █ ▀▀▀ █ █▄█▀████  █ ▀▀▀ █  [0m
[90m│[0m     [38;2;0;0;0;48;2;255;255;255m  ▀▀▀▀▀▀▀ █ ▀▄▀▄▀ ▀ ▀▀▀▀▀▀▀  [0m
[90m│[0m     [38;2;0;0;0;48;2;255;255;255m  █▄█▀█▀▀  █▄▀  ▀▀▄ ▀█▀▀▀▄   [0m
[90m│[0m     [38;2;0;0;0;48;2;255;255;255m  █▄▀▀██▀▄▀██▀  ▄█▄▄▀ ▀▀▀██  [0m
[90m│[0m     [38;2;0;0;0;48;2;255;255;255m  ▄▀███▀▀  ▄ ▀▄▄▄▀▀▄▀▀▀ ▄▀▀  [0m
[90m│[0m     [38;2;0;0;0;48;2;255;255;255m  █  ▀▄█▀ ▄   ▄█▀█ ▄█▀ ▄▀▀█  [0m
[90m│[0m     [38;2;0;0;0;48;2;255;255;255m  ▀ ▀▀  ▀▀▄█▄ ▀ ▀▀█▀▀▀█▄█▀▀  [0m
[90m│[0m     [38;2;0;0;0;48;2;255;255;255m  █▀▀▀▀▀█ ▄▄██▀ ▄▄█ ▀ █▀ ▀█  [0m
[90m│[0m     [38;2;0;0;0;48;2;255;255;255m  █ ███ █ █  ▀▄▄▄▀▀▀█▀█▀▀▄█  [0m
[90m│[0m     [38;2;0;0;0;48;2;255;255;255m  █ ▀▀▀ █ ▀▄  ▄█▀▄▄▀ █▄█▀ █  [0m
[90m│[0m     [38;2;0;0;0;48;2;255;255;255m  ▀▀▀▀▀▀▀ ▀   ▀ ▀  ▀▀   ▀▀▀  [0m
[90m│[0m     [38;2;0;0;0;48;2;255;255;255m                             [0m
[90m│[0m
[90m│[0m  Then load the activation file you get back, or paste its text.
[90m│[0m  [1mtidewater import-bundle <file>[0m   [90mActivate from file[0m
[90m└[0m
── ansi16 · 80 ──
[90m┌[0m  [1;7;36m Tidewater Studio [0m[90m · offline-request[0m
[90m│[0m
[36m◆[0m  [1mOffline activation[0m
[90m│[0m  Send this request code to whoever gave you your license.
[90m│[0m  [90mProduct: Tidewater Studio[0m
[90m│[0m
[90m│[0m     [1;7m dev_8f3a2c19e04b [0m
[90m│[0m
[90m│[0m     [30;107m                             [0m
[90m│[0m     [30;107m  █▀▀▀▀▀█  ▄▄▀   ▀▀ █▀▀▀▀▀█  [0m
[90m│[0m     [30;107m  █ ███ █ █▄█ █ ▀ ▀ █ ███ █  [0m
[90m│[0m     [30;107m  █ ▀▀▀ █ █▄█▀████  █ ▀▀▀ █  [0m
[90m│[0m     [30;107m  ▀▀▀▀▀▀▀ █ ▀▄▀▄▀ ▀ ▀▀▀▀▀▀▀  [0m
[90m│[0m     [30;107m  █▄█▀█▀▀  █▄▀  ▀▀▄ ▀█▀▀▀▄   [0m
[90m│[0m     [30;107m  █▄▀▀██▀▄▀██▀  ▄█▄▄▀ ▀▀▀██  [0m
[90m│[0m     [30;107m  ▄▀███▀▀  ▄ ▀▄▄▄▀▀▄▀▀▀ ▄▀▀  [0m
[90m│[0m     [30;107m  █  ▀▄█▀ ▄   ▄█▀█ ▄█▀ ▄▀▀█  [0m
[90m│[0m     [30;107m  ▀ ▀▀  ▀▀▄█▄ ▀ ▀▀█▀▀▀█▄█▀▀  [0m
[90m│[0m     [30;107m  █▀▀▀▀▀█ ▄▄██▀ ▄▄█ ▀ █▀ ▀█  [0m
[90m│[0m     [30;107m  █ ███ █ █  ▀▄▄▄▀▀▀█▀█▀▀▄█  [0m
[90m│[0m     [30;107m  █ ▀▀▀ █ ▀▄  ▄█▀▄▄▀ █▄█▀ █  [0m
[90m│[0m     [30;107m  ▀▀▀▀▀▀▀ ▀   ▀ ▀  ▀▀   ▀▀▀  [0m
[90m│[0m     [30;107m                             [0m
[90m│[0m
[90m│[0m  Then load the activation file you get back, or paste its text.
[90m│[0m  [1mtidewater import-bundle <file>[0m   [90mActivate from file[0m
[90m└[0m
── no-color · 80 ──
┌   Tidewater Studio  · offline-request
│
◆  Offline activation
│  Send this request code to whoever gave you your license.
│  Product: Tidewater Studio
│
│      dev_8f3a2c19e04b 
│
│
│       █▀▀▀▀▀█  ▄▄▀   ▀▀ █▀▀▀▀▀█
│       █ ███ █ █▄█ █ ▀ ▀ █ ███ █
│       █ ▀▀▀ █ █▄█▀████  █ ▀▀▀ █
│       ▀▀▀▀▀▀▀ █ ▀▄▀▄▀ ▀ ▀▀▀▀▀▀▀
│       █▄█▀█▀▀  █▄▀  ▀▀▄ ▀█▀▀▀▄
│       █▄▀▀██▀▄▀██▀  ▄█▄▄▀ ▀▀▀██
│       ▄▀███▀▀  ▄ ▀▄▄▄▀▀▄▀▀▀ ▄▀▀
│       █  ▀▄█▀ ▄   ▄█▀█ ▄█▀ ▄▀▀█
│       ▀ ▀▀  ▀▀▄█▄ ▀ ▀▀█▀▀▀█▄█▀▀
│       █▀▀▀▀▀█ ▄▄██▀ ▄▄█ ▀ █▀ ▀█
│       █ ███ █ █  ▀▄▄▄▀▀▀█▀█▀▀▄█
│       █ ▀▀▀ █ ▀▄  ▄█▀▄▄▀ █▄█▀ █
│       ▀▀▀▀▀▀▀ ▀   ▀ ▀  ▀▀   ▀▀▀
│
│
│  Then load the activation file you get back, or paste its text.
│  tidewater import-bundle <file>   Activate from file
└
── ascii · 80 ──
[90m+[0m  [1;7;36m Tidewater Studio [0m[90m - offline-request[0m
[90m|[0m
[36m*[0m  [1mOffline activation[0m
[90m|[0m  Send this request code to whoever gave you your license.
[90m|[0m  [90mProduct: Tidewater Studio[0m
[90m|[0m
[90m|[0m     [1;7m dev_8f3a2c19e04b [0m
[90m|[0m
[90m|[0m  Then load the activation file you get back, or paste its text.
[90m|[0m  [1mtidewater import-bundle <file>[0m   [90mActivate from file[0m
[90m`[0m
── truecolor · 60 ──
[90m┌[0m  [1;38;2;255;255;255;48;2;38;132;122m Tidewater Studio [0m[90m · offline-request[0m
[90m│[0m
[38;2;20;121;111m◆[0m  [1mOffline activation[0m
[90m│[0m  Send this request code to whoever gave you your license.
[90m│[0m  [90mProduct: Tidewater Studio[0m
[90m│[0m
[90m│[0m     [1;7m dev_8f3a2c19e04b [0m
[90m│[0m
[90m│[0m     [38;2;0;0;0;48;2;255;255;255m                             [0m
[90m│[0m     [38;2;0;0;0;48;2;255;255;255m  █▀▀▀▀▀█  ▄▄▀   ▀▀ █▀▀▀▀▀█  [0m
[90m│[0m     [38;2;0;0;0;48;2;255;255;255m  █ ███ █ █▄█ █ ▀ ▀ █ ███ █  [0m
[90m│[0m     [38;2;0;0;0;48;2;255;255;255m  █ ▀▀▀ █ █▄█▀████  █ ▀▀▀ █  [0m
[90m│[0m     [38;2;0;0;0;48;2;255;255;255m  ▀▀▀▀▀▀▀ █ ▀▄▀▄▀ ▀ ▀▀▀▀▀▀▀  [0m
[90m│[0m     [38;2;0;0;0;48;2;255;255;255m  █▄█▀█▀▀  █▄▀  ▀▀▄ ▀█▀▀▀▄   [0m
[90m│[0m     [38;2;0;0;0;48;2;255;255;255m  █▄▀▀██▀▄▀██▀  ▄█▄▄▀ ▀▀▀██  [0m
[90m│[0m     [38;2;0;0;0;48;2;255;255;255m  ▄▀███▀▀  ▄ ▀▄▄▄▀▀▄▀▀▀ ▄▀▀  [0m
[90m│[0m     [38;2;0;0;0;48;2;255;255;255m  █  ▀▄█▀ ▄   ▄█▀█ ▄█▀ ▄▀▀█  [0m
[90m│[0m     [38;2;0;0;0;48;2;255;255;255m  ▀ ▀▀  ▀▀▄█▄ ▀ ▀▀█▀▀▀█▄█▀▀  [0m
[90m│[0m     [38;2;0;0;0;48;2;255;255;255m  █▀▀▀▀▀█ ▄▄██▀ ▄▄█ ▀ █▀ ▀█  [0m
[90m│[0m     [38;2;0;0;0;48;2;255;255;255m  █ ███ █ █  ▀▄▄▄▀▀▀█▀█▀▀▄█  [0m
[90m│[0m     [38;2;0;0;0;48;2;255;255;255m  █ ▀▀▀ █ ▀▄  ▄█▀▄▄▀ █▄█▀ █  [0m
[90m│[0m     [38;2;0;0;0;48;2;255;255;255m  ▀▀▀▀▀▀▀ ▀   ▀ ▀  ▀▀   ▀▀▀  [0m
[90m│[0m     [38;2;0;0;0;48;2;255;255;255m                             [0m
[90m│[0m
[90m│[0m  Then load the activation file you get back, or paste
[90m│[0m  its text.
[90m│[0m  [1mtidewater import-bundle <file>[0m   [90mActivate from file[0m
[90m└[0m
── ansi16 · 60 ──
[90m┌[0m  [1;7;36m Tidewater Studio [0m[90m · offline-request[0m
[90m│[0m
[36m◆[0m  [1mOffline activation[0m
[90m│[0m  Send this request code to whoever gave you your license.
[90m│[0m  [90mProduct: Tidewater Studio[0m
[90m│[0m
[90m│[0m     [1;7m dev_8f3a2c19e04b [0m
[90m│[0m
[90m│[0m     [30;107m                             [0m
[90m│[0m     [30;107m  █▀▀▀▀▀█  ▄▄▀   ▀▀ █▀▀▀▀▀█  [0m
[90m│[0m     [30;107m  █ ███ █ █▄█ █ ▀ ▀ █ ███ █  [0m
[90m│[0m     [30;107m  █ ▀▀▀ █ █▄█▀████  █ ▀▀▀ █  [0m
[90m│[0m     [30;107m  ▀▀▀▀▀▀▀ █ ▀▄▀▄▀ ▀ ▀▀▀▀▀▀▀  [0m
[90m│[0m     [30;107m  █▄█▀█▀▀  █▄▀  ▀▀▄ ▀█▀▀▀▄   [0m
[90m│[0m     [30;107m  █▄▀▀██▀▄▀██▀  ▄█▄▄▀ ▀▀▀██  [0m
[90m│[0m     [30;107m  ▄▀███▀▀  ▄ ▀▄▄▄▀▀▄▀▀▀ ▄▀▀  [0m
[90m│[0m     [30;107m  █  ▀▄█▀ ▄   ▄█▀█ ▄█▀ ▄▀▀█  [0m
[90m│[0m     [30;107m  ▀ ▀▀  ▀▀▄█▄ ▀ ▀▀█▀▀▀█▄█▀▀  [0m
[90m│[0m     [30;107m  █▀▀▀▀▀█ ▄▄██▀ ▄▄█ ▀ █▀ ▀█  [0m
[90m│[0m     [30;107m  █ ███ █ █  ▀▄▄▄▀▀▀█▀█▀▀▄█  [0m
[90m│[0m     [30;107m  █ ▀▀▀ █ ▀▄  ▄█▀▄▄▀ █▄█▀ █  [0m
[90m│[0m     [30;107m  ▀▀▀▀▀▀▀ ▀   ▀ ▀  ▀▀   ▀▀▀  [0m
[90m│[0m     [30;107m                             [0m
[90m│[0m
[90m│[0m  Then load the activation file you get back, or paste
[90m│[0m  its text.
[90m│[0m  [1mtidewater import-bundle <file>[0m   [90mActivate from file[0m
[90m└[0m
── no-color · 60 ──
┌   Tidewater Studio  · offline-request
│
◆  Offline activation
│  Send this request code to whoever gave you your license.
│  Product: Tidewater Studio
│
│      dev_8f3a2c19e04b 
│
│
│       █▀▀▀▀▀█  ▄▄▀   ▀▀ █▀▀▀▀▀█
│       █ ███ █ █▄█ █ ▀ ▀ █ ███ █
│       █ ▀▀▀ █ █▄█▀████  █ ▀▀▀ █
│       ▀▀▀▀▀▀▀ █ ▀▄▀▄▀ ▀ ▀▀▀▀▀▀▀
│       █▄█▀█▀▀  █▄▀  ▀▀▄ ▀█▀▀▀▄
│       █▄▀▀██▀▄▀██▀  ▄█▄▄▀ ▀▀▀██
│       ▄▀███▀▀  ▄ ▀▄▄▄▀▀▄▀▀▀ ▄▀▀
│       █  ▀▄█▀ ▄   ▄█▀█ ▄█▀ ▄▀▀█
│       ▀ ▀▀  ▀▀▄█▄ ▀ ▀▀█▀▀▀█▄█▀▀
│       █▀▀▀▀▀█ ▄▄██▀ ▄▄█ ▀ █▀ ▀█
│       █ ███ █ █  ▀▄▄▄▀▀▀█▀█▀▀▄█
│       █ ▀▀▀ █ ▀▄  ▄█▀▄▄▀ █▄█▀ █
│       ▀▀▀▀▀▀▀ ▀   ▀ ▀  ▀▀   ▀▀▀
│
│
│  Then load the activation file you get back, or paste
│  its text.
│  tidewater import-bundle <file>   Activate from file
└
── ascii · 60 ──
[90m+[0m  [1;7;36m Tidewater Studio [0m[90m - offline-request[0m
[90m|[0m
[36m*[0m  [1mOffline activation[0m
[90m|[0m  Send this request code to whoever gave you your license.
[90m|[0m  [90mProduct: Tidewater Studio[0m
[90m|[0m
[90m|[0m     [1;7m dev_8f3a2c19e04b [0m
[90m|[0m
[90m|[0m  Then load the activation file you get back, or paste
[90m|[0m  its text.
[90m|[0m  [1mtidewater import-bundle <file>[0m   [90mActivate from file[0m
[90m`[0m
── pipe · 80 ──
Tidewater Studio · offline-request
Offline activation
Send this request code to whoever gave you your license.
Product: Tidewater Studio

dev_8f3a2c19e04b

Then load the activation file you get back, or paste its text.
tidewater import-bundle <file>   Activate from file
