── truecolor · 80 ──
[2m┌[0m  [1;38;2;255;255;255;48;2;38;132;122m Tidewater Studio [0m[2m · changelog[0m
[2m│[0m
[38;2;114;202;190m◆[0m  [1mWhat's new in Tidewater Studio[0m
[2m│[0m
[2m│[0m  ]8;;https://tidewater.app/releases/2.5\[1mVersion 2.5[0m]8;;\[2m · Released 2026-10-01[0m
[2m│[0m    Stem export in one click, with loudness matching
[2m│[0m    Track freeze now works with every plug-in
[2m│[0m
[2m│[0m  [1mVersion 2.4.1[0m[2m · Released 2026-09-12[0m
[2m└[0m    Fixes a crash when a plug-in is missing
── ansi16 · 80 ──
[2m┌[0m  [1;7;36m Tidewater Studio [0m[2m · changelog[0m
[2m│[0m
[36m◆[0m  [1mWhat's new in Tidewater Studio[0m
[2m│[0m
[2m│[0m  ]8;;https://tidewater.app/releases/2.5\[1mVersion 2.5[0m]8;;\[2m · Released 2026-10-01[0m
[2m│[0m    Stem export in one click, with loudness matching
[2m│[0m    Track freeze now works with every plug-in
[2m│[0m
[2m│[0m  [1mVersion 2.4.1[0m[2m · Released 2026-09-12[0m
[2m└[0m    Fixes a crash when a plug-in is missing
── no-color · 80 ──
┌  [7m Tidewater Studio [0m · changelog
│
◆  [1mWhat's new in Tidewater Studio[0m
│
│  [1mVersion 2.5[0m · Released 2026-10-01
│    Stem export in one click, with loudness matching
│    Track freeze now works with every plug-in
│
│  [1mVersion 2.4.1[0m · Released 2026-09-12
└    Fixes a crash when a plug-in is missing
── ascii · 80 ──
[2m+[0m  [1;7;36m Tidewater Studio [0m[2m - changelog[0m
[2m|[0m
[36m*[0m  [1mWhat's new in Tidewater Studio[0m
[2m|[0m
[2m|[0m  ]8;;https://tidewater.app/releases/2.5\[1mVersion 2.5[0m]8;;\[2m - Released 2026-10-01[0m
[2m|[0m    Stem export in one click, with loudness matching
[2m|[0m    Track freeze now works with every plug-in
[2m|[0m
[2m|[0m  [1mVersion 2.4.1[0m[2m - Released 2026-09-12[0m
[2m`[0m    Fixes a crash when a plug-in is missing
── truecolor · 60 ──
[2m┌[0m  [1;38;2;255;255;255;48;2;38;132;122m Tidewater Studio [0m[2m · changelog[0m
[2m│[0m
[38;2;114;202;190m◆[0m  [1mWhat's new in Tidewater Studio[0m
[2m│[0m
[2m│[0m  ]8;;https://tidewater.app/releases/2.5\[1mVersion 2.5[0m]8;;\[2m · Released 2026-10-01[0m
[2m│[0m    Stem export in one click, with loudness matching
[2m│[0m    Track freeze now works with every plug-in
[2m│[0m
[2m│[0m  [1mVersion 2.4.1[0m[2m · Released 2026-09-12[0m
[2m└[0m    Fixes a crash when a plug-in is missing
── ansi16 · 60 ──
[2m┌[0m  [1;7;36m Tidewater Studio [0m[2m · changelog[0m
[2m│[0m
[36m◆[0m  [1mWhat's new in Tidewater Studio[0m
[2m│[0m
[2m│[0m  ]8;;https://tidewater.app/releases/2.5\[1mVersion 2.5[0m]8;;\[2m · Released 2026-10-01[0m
[2m│[0m    Stem export in one click, with loudness matching
[2m│[0m    Track freeze now works with every plug-in
[2m│[0m
[2m│[0m  [1mVersion 2.4.1[0m[2m · Released 2026-09-12[0m
[2m└[0m    Fixes a crash when a plug-in is missing
── no-color · 60 ──
┌  [7m Tidewater Studio [0m · changelog
│
◆  [1mWhat's new in Tidewater Studio[0m
│
│  [1mVersion 2.5[0m · Released 2026-10-01
│    Stem export in one click, with loudness matching
│    Track freeze now works with every plug-in
│
│  [1mVersion 2.4.1[0m · Released 2026-09-12
└    Fixes a crash when a plug-in is missing
── ascii · 60 ──
[2m+[0m  [1;7;36m Tidewater Studio [0m[2m - changelog[0m
[2m|[0m
[36m*[0m  [1mWhat's new in Tidewater Studio[0m
[2m|[0m
[2m|[0m  ]8;;https://tidewater.app/releases/2.5\[1mVersion 2.5[0m]8;;\[2m - Released 2026-10-01[0m
[2m|[0m    Stem export in one click, with loudness matching
[2m|[0m    Track freeze now works with every plug-in
[2m|[0m
[2m|[0m  [1mVersion 2.4.1[0m[2m - Released 2026-09-12[0m
[2m`[0m    Fixes a crash when a plug-in is missing
── pipe · 80 ──
Tidewater Studio · changelog
What's new in Tidewater Studio

Version 2.5 · Released 2026-10-01
  Stem export in one click, with loudness matching
  Track freeze now works with every plug-in

Version 2.4.1 · Released 2026-09-12
  Fixes a crash when a plug-in is missing
