── truecolor · 80 ──
[2m┌[0m  [1;38;2;255;255;255;48;2;38;132;122m Tidewater Studio [0m[2m · config[0m
[2m│[0m
[31m✗[0m  [1mSet by your organization[0m
[2m└[0m  This setting is managed by your organization and can't be changed here.
── ansi16 · 80 ──
[2m┌[0m  [1;7;36m Tidewater Studio [0m[2m · config[0m
[2m│[0m
[31m✗[0m  [1mSet by your organization[0m
[2m└[0m  This setting is managed by your organization and can't be changed here.
── no-color · 80 ──
┌  [7m Tidewater Studio [0m · config
│
✗  [1mSet by your organization[0m
└  This setting is managed by your organization and can't be changed here.
── ascii · 80 ──
[2m+[0m  [1;7;36m Tidewater Studio [0m[2m - config[0m
[2m|[0m
[31mx[0m  [1mSet by your organization[0m
[2m`[0m  This setting is managed by your organization and can't be changed here.
── truecolor · 60 ──
[2m┌[0m  [1;38;2;255;255;255;48;2;38;132;122m Tidewater Studio [0m[2m · config[0m
[2m│[0m
[31m✗[0m  [1mSet by your organization[0m
[2m│[0m  This setting is managed by your organization and can't be
[2m└[0m  changed here.
── ansi16 · 60 ──
[2m┌[0m  [1;7;36m Tidewater Studio [0m[2m · config[0m
[2m│[0m
[31m✗[0m  [1mSet by your organization[0m
[2m│[0m  This setting is managed by your organization and can't be
[2m└[0m  changed here.
── no-color · 60 ──
┌  [7m Tidewater Studio [0m · config
│
✗  [1mSet by your organization[0m
│  This setting is managed by your organization and can't be
└  changed here.
── ascii · 60 ──
[2m+[0m  [1;7;36m Tidewater Studio [0m[2m - config[0m
[2m|[0m
[31mx[0m  [1mSet by your organization[0m
[2m|[0m  This setting is managed by your organization and can't be
[2m`[0m  changed here.
── pipe · 80 ──
Tidewater Studio · config
Set by your organization
This setting is managed by your organization and can't be changed here.
