── truecolor · 80 ──
[90m┌[0m  [1;38;2;255;255;255;48;2;38;132;122m Tidewater Studio [0m[90m · login[0m
[90m│[0m
[33m▲[0m  [1mWe couldn't open your browser[0m
[90m│[0m  Open this link in a browser on this computer, or use a code instead.
[90m│[0m  ]8;;https://key.plrs.im/device?user_code=WDJB-MJHT\[4mkey.plrs.im/device?user_code=WDJB-MJHT[0m]8;;\
[90m└[0m  [1mc[0m [90mUse a code instead · [0m[1mEsc[0m [90mCancel[0m
── ansi16 · 80 ──
[90m┌[0m  [1;7;36m Tidewater Studio [0m[90m · login[0m
[90m│[0m
[33m▲[0m  [1mWe couldn't open your browser[0m
[90m│[0m  Open this link in a browser on this computer, or use a code instead.
[90m│[0m  ]8;;https://key.plrs.im/device?user_code=WDJB-MJHT\[4mkey.plrs.im/device?user_code=WDJB-MJHT[0m]8;;\
[90m└[0m  [1mc[0m [90mUse a code instead · [0m[1mEsc[0m [90mCancel[0m
── no-color · 80 ──
┌   Tidewater Studio  · login
│
▲  We couldn't open your browser
│  Open this link in a browser on this computer, or use a code instead.
│  key.plrs.im/device?user_code=WDJB-MJHT
└  c Use a code instead · Esc Cancel
── ascii · 80 ──
[90m+[0m  [1;7;36m Tidewater Studio [0m[90m - login[0m
[90m|[0m
[33m![0m  [1mWe couldn't open your browser[0m
[90m|[0m  Open this link in a browser on this computer, or use a code instead.
[90m|[0m  ]8;;https://key.plrs.im/device?user_code=WDJB-MJHT\[4mkey.plrs.im/device?user_code=WDJB-MJHT[0m]8;;\
[90m`[0m  [1mc[0m [90mUse a code instead - [0m[1mEsc[0m [90mCancel[0m
── truecolor · 60 ──
[90m┌[0m  [1;38;2;255;255;255;48;2;38;132;122m Tidewater Studio [0m[90m · login[0m
[90m│[0m
[33m▲[0m  [1mWe couldn't open your browser[0m
[90m│[0m  Open this link in a browser on this computer, or use a
[90m│[0m  code instead.
[90m│[0m  ]8;;https://key.plrs.im/device?user_code=WDJB-MJHT\[4mkey.plrs.im/device?user_code=WDJB-MJHT[0m]8;;\
[90m└[0m  [1mc[0m [90mUse a code instead · [0m[1mEsc[0m [90mCancel[0m
── ansi16 · 60 ──
[90m┌[0m  [1;7;36m Tidewater Studio [0m[90m · login[0m
[90m│[0m
[33m▲[0m  [1mWe couldn't open your browser[0m
[90m│[0m  Open this link in a browser on this computer, or use a
[90m│[0m  code instead.
[90m│[0m  ]8;;https://key.plrs.im/device?user_code=WDJB-MJHT\[4mkey.plrs.im/device?user_code=WDJB-MJHT[0m]8;;\
[90m└[0m  [1mc[0m [90mUse a code instead · [0m[1mEsc[0m [90mCancel[0m
── no-color · 60 ──
┌   Tidewater Studio  · login
│
▲  We couldn't open your browser
│  Open this link in a browser on this computer, or use a
│  code instead.
│  key.plrs.im/device?user_code=WDJB-MJHT
└  c Use a code instead · Esc Cancel
── ascii · 60 ──
[90m+[0m  [1;7;36m Tidewater Studio [0m[90m - login[0m
[90m|[0m
[33m![0m  [1mWe couldn't open your browser[0m
[90m|[0m  Open this link in a browser on this computer, or use a
[90m|[0m  code instead.
[90m|[0m  ]8;;https://key.plrs.im/device?user_code=WDJB-MJHT\[4mkey.plrs.im/device?user_code=WDJB-MJHT[0m]8;;\
[90m`[0m  [1mc[0m [90mUse a code instead - [0m[1mEsc[0m [90mCancel[0m
── pipe · 80 ──
Tidewater Studio · login
We couldn't open your browser
Open this link in a browser on this computer, or use a code instead.
key.plrs.im/device?user_code=WDJB-MJHT
