── truecolor · 80 ──
[90m┌[0m  [1;38;2;255;255;255;48;2;38;132;122m Tidewater Studio [0m[90m · login[0m
[90m│[0m
[32m◇[0m  Opening Polaris Key in your browser…
[90m│[0m  If it didn't open, go to ]8;;https://key.plrs.im/device?user_code=WDJB-MJHT\[4mkey.plrs.im/device?user_code=WDJB-MJHT[0m]8;;\
[90m│[0m
[90m⠹[0m  Finishing sign-in…
[90m└[0m
── ansi16 · 80 ──
[90m┌[0m  [1;7;36m Tidewater Studio [0m[90m · login[0m
[90m│[0m
[32m◇[0m  Opening Polaris Key in your browser…
[90m│[0m  If it didn't open, go to ]8;;https://key.plrs.im/device?user_code=WDJB-MJHT\[4mkey.plrs.im/device?user_code=WDJB-MJHT[0m]8;;\
[90m│[0m
[90m⠹[0m  Finishing sign-in…
[90m└[0m
── no-color · 80 ──
┌   Tidewater Studio  · login
│
◇  Opening Polaris Key in your browser…
│  If it didn't open, go to key.plrs.im/device?user_code=WDJB-MJHT
│
⠹  Finishing sign-in…
└
── ascii · 80 ──
[90m+[0m  [1;7;36m Tidewater Studio [0m[90m - login[0m
[90m|[0m
[32mo[0m  Opening Polaris Key in your browser…
[90m|[0m  If it didn't open, go to ]8;;https://key.plrs.im/device?user_code=WDJB-MJHT\[4mkey.plrs.im/device?user_code=WDJB-MJHT[0m]8;;\
[90m|[0m
[90m-[0m  Finishing sign-in…
[90m`[0m
── truecolor · 60 ──
[90m┌[0m  [1;38;2;255;255;255;48;2;38;132;122m Tidewater Studio [0m[90m · login[0m
[90m│[0m
[32m◇[0m  Opening Polaris Key in your browser…
[90m│[0m  If it didn't open, go to
[90m│[0m  ]8;;https://key.plrs.im/device?user_code=WDJB-MJHT\[4mkey.plrs.im/device?user_code=WDJB-MJHT[0m]8;;\
[90m│[0m
[90m⠹[0m  Finishing sign-in…
[90m└[0m
── ansi16 · 60 ──
[90m┌[0m  [1;7;36m Tidewater Studio [0m[90m · login[0m
[90m│[0m
[32m◇[0m  Opening Polaris Key in your browser…
[90m│[0m  If it didn't open, go to
[90m│[0m  ]8;;https://key.plrs.im/device?user_code=WDJB-MJHT\[4mkey.plrs.im/device?user_code=WDJB-MJHT[0m]8;;\
[90m│[0m
[90m⠹[0m  Finishing sign-in…
[90m└[0m
── no-color · 60 ──
┌   Tidewater Studio  · login
│
◇  Opening Polaris Key in your browser…
│  If it didn't open, go to
│  key.plrs.im/device?user_code=WDJB-MJHT
│
⠹  Finishing sign-in…
└
── ascii · 60 ──
[90m+[0m  [1;7;36m Tidewater Studio [0m[90m - login[0m
[90m|[0m
[32mo[0m  Opening Polaris Key in your browser…
[90m|[0m  If it didn't open, go to
[90m|[0m  ]8;;https://key.plrs.im/device?user_code=WDJB-MJHT\[4mkey.plrs.im/device?user_code=WDJB-MJHT[0m]8;;\
[90m|[0m
[90m-[0m  Finishing sign-in…
[90m`[0m
── pipe · 80 ──
Tidewater Studio · login
Opening Polaris Key in your browser…
If it didn't open, go to key.plrs.im/device?user_code=WDJB-MJHT

Finishing sign-in…
