── truecolor · 80 ──
[90m┌[0m  [1;38;2;255;255;255;48;2;38;132;122m Tidewater Studio [0m[90m · login[0m
[90m│[0m
[32m◇[0m  No browser on this computer. Use a code instead:
[90m│[0m  On any phone or computer, go to ]8;;https://key.plrs.im/device\[4mkey.plrs.im/device[0m]8;;\ and enter this code.
[90m│[0m
[90m│[0m     [1;7m WDJB-MJHT [0m
[90m│[0m
[90m│[0m  Check the code there matches this one.
[90m│[0m  [90mCode expires in 4:12[0m
[90m│[0m  [32m✓[0m [90mCopied[0m
[90m│[0m
[90m⠹[0m  Waiting for you to sign in…
[90m└[0m  [1mc[0m [90mCopy code · [0m[1mEsc[0m [90mCancel[0m
── ansi16 · 80 ──
[90m┌[0m  [1;7;36m Tidewater Studio [0m[90m · login[0m
[90m│[0m
[32m◇[0m  No browser on this computer. Use a code instead:
[90m│[0m  On any phone or computer, go to ]8;;https://key.plrs.im/device\[4mkey.plrs.im/device[0m]8;;\ and enter this code.
[90m│[0m
[90m│[0m     [1;7m WDJB-MJHT [0m
[90m│[0m
[90m│[0m  Check the code there matches this one.
[90m│[0m  [90mCode expires in 4:12[0m
[90m│[0m  [32m✓[0m [90mCopied[0m
[90m│[0m
[90m⠹[0m  Waiting for you to sign in…
[90m└[0m  [1mc[0m [90mCopy code · [0m[1mEsc[0m [90mCancel[0m
── no-color · 80 ──
┌   Tidewater Studio  · login
│
◇  No browser on this computer. Use a code instead:
│  On any phone or computer, go to key.plrs.im/device and enter this code.
│
│      WDJB-MJHT 
│
│  Check the code there matches this one.
│  Code expires in 4:12
│  ✓ Copied
│
⠹  Waiting for you to sign in…
└  c Copy code · Esc Cancel
── ascii · 80 ──
[90m+[0m  [1;7;36m Tidewater Studio [0m[90m - login[0m
[90m|[0m
[32mo[0m  No browser on this computer. Use a code instead:
[90m|[0m  On any phone or computer, go to ]8;;https://key.plrs.im/device\[4mkey.plrs.im/device[0m]8;;\ and enter this code.
[90m|[0m
[90m|[0m     [1;7m WDJB-MJHT [0m
[90m|[0m
[90m|[0m  Check the code there matches this one.
[90m|[0m  [90mCode expires in 4:12[0m
[90m|[0m  [32m+[0m [90mCopied[0m
[90m|[0m
[90m-[0m  Waiting for you to sign in…
[90m`[0m  [1mc[0m [90mCopy code - [0m[1mEsc[0m [90mCancel[0m
── truecolor · 60 ──
[90m┌[0m  [1;38;2;255;255;255;48;2;38;132;122m Tidewater Studio [0m[90m · login[0m
[90m│[0m
[32m◇[0m  No browser on this computer. Use a code instead:
[90m│[0m  On any phone or computer, go to ]8;;https://key.plrs.im/device\[4mkey.plrs.im/device[0m]8;;\ and
[90m│[0m  enter this code.
[90m│[0m
[90m│[0m     [1;7m WDJB-MJHT [0m
[90m│[0m
[90m│[0m  Check the code there matches this one.
[90m│[0m  [90mCode expires in 4:12[0m
[90m│[0m  [32m✓[0m [90mCopied[0m
[90m│[0m
[90m⠹[0m  Waiting for you to sign in…
[90m└[0m  [1mc[0m [90mCopy code · [0m[1mEsc[0m [90mCancel[0m
── ansi16 · 60 ──
[90m┌[0m  [1;7;36m Tidewater Studio [0m[90m · login[0m
[90m│[0m
[32m◇[0m  No browser on this computer. Use a code instead:
[90m│[0m  On any phone or computer, go to ]8;;https://key.plrs.im/device\[4mkey.plrs.im/device[0m]8;;\ and
[90m│[0m  enter this code.
[90m│[0m
[90m│[0m     [1;7m WDJB-MJHT [0m
[90m│[0m
[90m│[0m  Check the code there matches this one.
[90m│[0m  [90mCode expires in 4:12[0m
[90m│[0m  [32m✓[0m [90mCopied[0m
[90m│[0m
[90m⠹[0m  Waiting for you to sign in…
[90m└[0m  [1mc[0m [90mCopy code · [0m[1mEsc[0m [90mCancel[0m
── no-color · 60 ──
┌   Tidewater Studio  · login
│
◇  No browser on this computer. Use a code instead:
│  On any phone or computer, go to key.plrs.im/device and
│  enter this code.
│
│      WDJB-MJHT 
│
│  Check the code there matches this one.
│  Code expires in 4:12
│  ✓ Copied
│
⠹  Waiting for you to sign in…
└  c Copy code · Esc Cancel
── ascii · 60 ──
[90m+[0m  [1;7;36m Tidewater Studio [0m[90m - login[0m
[90m|[0m
[32mo[0m  No browser on this computer. Use a code instead:
[90m|[0m  On any phone or computer, go to ]8;;https://key.plrs.im/device\[4mkey.plrs.im/device[0m]8;;\ and
[90m|[0m  enter this code.
[90m|[0m
[90m|[0m     [1;7m WDJB-MJHT [0m
[90m|[0m
[90m|[0m  Check the code there matches this one.
[90m|[0m  [90mCode expires in 4:12[0m
[90m|[0m  [32m+[0m [90mCopied[0m
[90m|[0m
[90m-[0m  Waiting for you to sign in…
[90m`[0m  [1mc[0m [90mCopy code - [0m[1mEsc[0m [90mCancel[0m
── pipe · 80 ──
Tidewater Studio · login
No browser on this computer. Use a code instead:
On any phone or computer, go to key.plrs.im/device and enter this code.

WDJB-MJHT

Check the code there matches this one.
Code expires in 4:12
Copied

Waiting for you to sign in…
