── truecolor · 80 ──
[2m┌[0m  [1;38;2;255;255;255;48;2;38;132;122m Tidewater Studio [0m[2m · login[0m
[2m│[0m
[33m▲[0m  [1mWe couldn't open your browser[0m
[2m│[0m  On any phone or computer, go to ]8;;https://key.plrs.im/device\[4mkey.plrs.im/device[0m]8;;\ and enter this code.
[2m│[0m
[2m│[0m     [1;7m WDJB-MJHT [0m
[2m│[0m
[2m│[0m  Check the code there matches this one.
[2m│[0m  [2mCode expires in 4:12[0m
[2m│[0m
[2m⠹[0m  Waiting for you to sign in…
[2m└[0m  [1mc[0m [2mcopy the code · [0m[1mEsc[0m [2mcancel[0m
── ansi16 · 80 ──
[2m┌[0m  [1;7;36m Tidewater Studio [0m[2m · login[0m
[2m│[0m
[33m▲[0m  [1mWe couldn't open your browser[0m
[2m│[0m  On any phone or computer, go to ]8;;https://key.plrs.im/device\[4mkey.plrs.im/device[0m]8;;\ and enter this code.
[2m│[0m
[2m│[0m     [1;7m WDJB-MJHT [0m
[2m│[0m
[2m│[0m  Check the code there matches this one.
[2m│[0m  [2mCode expires in 4:12[0m
[2m│[0m
[2m⠹[0m  Waiting for you to sign in…
[2m└[0m  [1mc[0m [2mcopy the code · [0m[1mEsc[0m [2mcancel[0m
── no-color · 80 ──
┌  [7m Tidewater Studio [0m · login
│
▲  [1mWe couldn't open your browser[0m
│  On any phone or computer, go to key.plrs.im/device and enter this code.
│
│     [1;7m WDJB-MJHT [0m
│
│  Check the code there matches this one.
│  Code expires in 4:12
│
⠹  Waiting for you to sign in…
└  [1mc[0m copy the code · [1mEsc[0m cancel
── ascii · 80 ──
[2m+[0m  [1;7;36m Tidewater Studio [0m[2m - login[0m
[2m|[0m
[33m![0m  [1mWe couldn't open your browser[0m
[2m|[0m  On any phone or computer, go to ]8;;https://key.plrs.im/device\[4mkey.plrs.im/device[0m]8;;\ and enter this code.
[2m|[0m
[2m|[0m     [1;7m WDJB-MJHT [0m
[2m|[0m
[2m|[0m  Check the code there matches this one.
[2m|[0m  [2mCode expires in 4:12[0m
[2m|[0m
[2m-[0m  Waiting for you to sign in…
[2m`[0m  [1mc[0m [2mcopy the code - [0m[1mEsc[0m [2mcancel[0m
── truecolor · 60 ──
[2m┌[0m  [1;38;2;255;255;255;48;2;38;132;122m Tidewater Studio [0m[2m · login[0m
[2m│[0m
[33m▲[0m  [1mWe couldn't open your browser[0m
[2m│[0m  On any phone or computer, go to ]8;;https://key.plrs.im/device\[4mkey.plrs.im/device[0m]8;;\ and
[2m│[0m  enter this code.
[2m│[0m
[2m│[0m     [1;7m WDJB-MJHT [0m
[2m│[0m
[2m│[0m  Check the code there matches this one.
[2m│[0m  [2mCode expires in 4:12[0m
[2m│[0m
[2m⠹[0m  Waiting for you to sign in…
[2m└[0m  [1mc[0m [2mcopy the code · [0m[1mEsc[0m [2mcancel[0m
── ansi16 · 60 ──
[2m┌[0m  [1;7;36m Tidewater Studio [0m[2m · login[0m
[2m│[0m
[33m▲[0m  [1mWe couldn't open your browser[0m
[2m│[0m  On any phone or computer, go to ]8;;https://key.plrs.im/device\[4mkey.plrs.im/device[0m]8;;\ and
[2m│[0m  enter this code.
[2m│[0m
[2m│[0m     [1;7m WDJB-MJHT [0m
[2m│[0m
[2m│[0m  Check the code there matches this one.
[2m│[0m  [2mCode expires in 4:12[0m
[2m│[0m
[2m⠹[0m  Waiting for you to sign in…
[2m└[0m  [1mc[0m [2mcopy the code · [0m[1mEsc[0m [2mcancel[0m
── no-color · 60 ──
┌  [7m Tidewater Studio [0m · login
│
▲  [1mWe couldn't open your browser[0m
│  On any phone or computer, go to key.plrs.im/device and
│  enter this code.
│
│     [1;7m WDJB-MJHT [0m
│
│  Check the code there matches this one.
│  Code expires in 4:12
│
⠹  Waiting for you to sign in…
└  [1mc[0m copy the code · [1mEsc[0m cancel
── ascii · 60 ──
[2m+[0m  [1;7;36m Tidewater Studio [0m[2m - login[0m
[2m|[0m
[33m![0m  [1mWe couldn't open your browser[0m
[2m|[0m  On any phone or computer, go to ]8;;https://key.plrs.im/device\[4mkey.plrs.im/device[0m]8;;\ and
[2m|[0m  enter this code.
[2m|[0m
[2m|[0m     [1;7m WDJB-MJHT [0m
[2m|[0m
[2m|[0m  Check the code there matches this one.
[2m|[0m  [2mCode expires in 4:12[0m
[2m|[0m
[2m-[0m  Waiting for you to sign in…
[2m`[0m  [1mc[0m [2mcopy the code - [0m[1mEsc[0m [2mcancel[0m
── pipe · 80 ──
Tidewater Studio · login
We couldn't open your browser
On any phone or computer, go to key.plrs.im/device and enter this code.

WDJB-MJHT

Check the code there matches this one.
Code expires in 4:12

Waiting for you to sign in…
