── truecolor · 80 ──
[90m┌[0m  [1;38;2;255;255;255;48;2;38;132;122m Tidewater Studio [0m[90m · login[0m
[90m│[0m
[31m✗[0m  [1mSign-in cancelled[0m
[90m│[0m  Sign-in was cancelled.
[90m└[0m
── ansi16 · 80 ──
[90m┌[0m  [1;7;36m Tidewater Studio [0m[90m · login[0m
[90m│[0m
[31m✗[0m  [1mSign-in cancelled[0m
[90m│[0m  Sign-in was cancelled.
[90m└[0m
── no-color · 80 ──
┌   Tidewater Studio  · login
│
✗  Sign-in cancelled
│  Sign-in was cancelled.
└
── ascii · 80 ──
[90m+[0m  [1;7;36m Tidewater Studio [0m[90m - login[0m
[90m|[0m
[31mx[0m  [1mSign-in cancelled[0m
[90m|[0m  Sign-in was cancelled.
[90m`[0m
── truecolor · 60 ──
[90m┌[0m  [1;38;2;255;255;255;48;2;38;132;122m Tidewater Studio [0m[90m · login[0m
[90m│[0m
[31m✗[0m  [1mSign-in cancelled[0m
[90m│[0m  Sign-in was cancelled.
[90m└[0m
── ansi16 · 60 ──
[90m┌[0m  [1;7;36m Tidewater Studio [0m[90m · login[0m
[90m│[0m
[31m✗[0m  [1mSign-in cancelled[0m
[90m│[0m  Sign-in was cancelled.
[90m└[0m
── no-color · 60 ──
┌   Tidewater Studio  · login
│
✗  Sign-in cancelled
│  Sign-in was cancelled.
└
── ascii · 60 ──
[90m+[0m  [1;7;36m Tidewater Studio [0m[90m - login[0m
[90m|[0m
[31mx[0m  [1mSign-in cancelled[0m
[90m|[0m  Sign-in was cancelled.
[90m`[0m
── pipe · 80 ──
Tidewater Studio · login
Sign-in cancelled
Sign-in was cancelled.
