── truecolor · 80 ──
[2m┌[0m  [1;38;2;255;255;255;48;2;38;132;122m Tidewater Studio [0m[2m · update[0m
[2m│[0m
[33m▲[0m  [1mUpdate to keep using Tidewater Studio[0m
[2m│[0m  This version is below the minimum supported version. Update to keep using
[2m│[0m  Tidewater Studio.
[2m│[0m  [33m▲[0m This update includes an important security fix.
[2m│[0m
[2m└[0m  [1mtidewater update apply[0m   [2mInstall[0m
── ansi16 · 80 ──
[2m┌[0m  [1;7;36m Tidewater Studio [0m[2m · update[0m
[2m│[0m
[33m▲[0m  [1mUpdate to keep using Tidewater Studio[0m
[2m│[0m  This version is below the minimum supported version. Update to keep using
[2m│[0m  Tidewater Studio.
[2m│[0m  [33m▲[0m This update includes an important security fix.
[2m│[0m
[2m└[0m  [1mtidewater update apply[0m   [2mInstall[0m
── no-color · 80 ──
┌  [7m Tidewater Studio [0m · update
│
▲  [1mUpdate to keep using Tidewater Studio[0m
│  This version is below the minimum supported version. Update to keep using
│  Tidewater Studio.
│  ▲ This update includes an important security fix.
│
└  [1mtidewater update apply[0m   Install
── ascii · 80 ──
[2m+[0m  [1;7;36m Tidewater Studio [0m[2m - update[0m
[2m|[0m
[33m![0m  [1mUpdate to keep using Tidewater Studio[0m
[2m|[0m  This version is below the minimum supported version. Update to keep using
[2m|[0m  Tidewater Studio.
[2m|[0m  [33m![0m This update includes an important security fix.
[2m|[0m
[2m`[0m  [1mtidewater update apply[0m   [2mInstall[0m
── truecolor · 60 ──
[2m┌[0m  [1;38;2;255;255;255;48;2;38;132;122m Tidewater Studio [0m[2m · update[0m
[2m│[0m
[33m▲[0m  [1mUpdate to keep using Tidewater Studio[0m
[2m│[0m  This version is below the minimum supported version.
[2m│[0m  Update to keep using Tidewater Studio.
[2m│[0m  [33m▲[0m This update includes an important security fix.
[2m│[0m
[2m└[0m  [1mtidewater update apply[0m   [2mInstall[0m
── ansi16 · 60 ──
[2m┌[0m  [1;7;36m Tidewater Studio [0m[2m · update[0m
[2m│[0m
[33m▲[0m  [1mUpdate to keep using Tidewater Studio[0m
[2m│[0m  This version is below the minimum supported version.
[2m│[0m  Update to keep using Tidewater Studio.
[2m│[0m  [33m▲[0m This update includes an important security fix.
[2m│[0m
[2m└[0m  [1mtidewater update apply[0m   [2mInstall[0m
── no-color · 60 ──
┌  [7m Tidewater Studio [0m · update
│
▲  [1mUpdate to keep using Tidewater Studio[0m
│  This version is below the minimum supported version.
│  Update to keep using Tidewater Studio.
│  ▲ This update includes an important security fix.
│
└  [1mtidewater update apply[0m   Install
── ascii · 60 ──
[2m+[0m  [1;7;36m Tidewater Studio [0m[2m - update[0m
[2m|[0m
[33m![0m  [1mUpdate to keep using Tidewater Studio[0m
[2m|[0m  This version is below the minimum supported version.
[2m|[0m  Update to keep using Tidewater Studio.
[2m|[0m  [33m![0m This update includes an important security fix.
[2m|[0m
[2m`[0m  [1mtidewater update apply[0m   [2mInstall[0m
── pipe · 80 ──
Tidewater Studio · update
Update to keep using Tidewater Studio
This version is below the minimum supported version. Update to keep using
Tidewater Studio.
This update includes an important security fix.

tidewater update apply   Install
