── truecolor · 80 ──
[90m┌[0m  [1;38;2;255;255;255;48;2;38;132;122m Tidewater Studio [0m[90m · update[0m
[90m│[0m
[38;2;114;202;190m◆[0m  [1mTidewater Studio 2.5[0m
[90m│[0m  [38;2;114;202;190m━━━━━━━━━━━━━━━━━━━━━━[0m[90m━━━━━━━━━━━━━━[0m 62%
[90m│[0m  [90mDownloading · 38 MB of 61 MB · About 20 s left[0m
[90m└[0m  [1mCtrl-C[0m [90mCancel[0m
── ansi16 · 80 ──
[90m┌[0m  [1;7;36m Tidewater Studio [0m[90m · update[0m
[90m│[0m
[36m◆[0m  [1mTidewater Studio 2.5[0m
[90m│[0m  [36m━━━━━━━━━━━━━━━━━━━━━━[0m[90m━━━━━━━━━━━━━━[0m 62%
[90m│[0m  [90mDownloading · 38 MB of 61 MB · About 20 s left[0m
[90m└[0m  [1mCtrl-C[0m [90mCancel[0m
── no-color · 80 ──
┌   Tidewater Studio  · update
│
◆  Tidewater Studio 2.5
│  ━━━━━━━━━━━━━━━━━━━━━━━━━━━━━━━━━━━━ 62%
│  Downloading · 38 MB of 61 MB · About 20 s left
└  Ctrl-C Cancel
── ascii · 80 ──
[90m+[0m  [1;7;36m Tidewater Studio [0m[90m - update[0m
[90m|[0m
[36m*[0m  [1mTidewater Studio 2.5[0m
[90m|[0m  [36m######################[0m[90m--------------[0m 62%
[90m|[0m  [90mDownloading · 38 MB of 61 MB - About 20 s left[0m
[90m`[0m  [1mCtrl-C[0m [90mCancel[0m
── truecolor · 60 ──
[90m┌[0m  [1;38;2;255;255;255;48;2;38;132;122m Tidewater Studio [0m[90m · update[0m
[90m│[0m
[38;2;114;202;190m◆[0m  [1mTidewater Studio 2.5[0m
[90m│[0m  [38;2;114;202;190m━━━━━━━━━━━━━━━━━[0m[90m━━━━━━━━━━[0m 62%
[90m│[0m  [90mDownloading · 38 MB of 61 MB · About 20 s left[0m
[90m└[0m  [1mCtrl-C[0m [90mCancel[0m
── ansi16 · 60 ──
[90m┌[0m  [1;7;36m Tidewater Studio [0m[90m · update[0m
[90m│[0m
[36m◆[0m  [1mTidewater Studio 2.5[0m
[90m│[0m  [36m━━━━━━━━━━━━━━━━━[0m[90m━━━━━━━━━━[0m 62%
[90m│[0m  [90mDownloading · 38 MB of 61 MB · About 20 s left[0m
[90m└[0m  [1mCtrl-C[0m [90mCancel[0m
── no-color · 60 ──
┌   Tidewater Studio  · update
│
◆  Tidewater Studio 2.5
│  ━━━━━━━━━━━━━━━━━━━━━━━━━━━ 62%
│  Downloading · 38 MB of 61 MB · About 20 s left
└  Ctrl-C Cancel
── ascii · 60 ──
[90m+[0m  [1;7;36m Tidewater Studio [0m[90m - update[0m
[90m|[0m
[36m*[0m  [1mTidewater Studio 2.5[0m
[90m|[0m  [36m#################[0m[90m----------[0m 62%
[90m|[0m  [90mDownloading · 38 MB of 61 MB - About 20 s left[0m
[90m`[0m  [1mCtrl-C[0m [90mCancel[0m
── pipe · 80 ──
Tidewater Studio · update
Tidewater Studio 2.5
62%
Downloading · 38 MB of 61 MB · About 20 s left
