── truecolor · 80 ──
[90m┌[0m  [1;38;2;255;255;255;48;2;38;132;122m Tidewater Studio [0m[90m · update[0m
[90m│[0m
[38;2;114;202;190m◆[0m  [1mTidewater Studio 2.5[0m
[90m│[0m  [90mYou have 2.4.1 · 61 MB download[0m
[90m│[0m
[90m│[0m  [90mWhat's new[0m
[90m│[0m  Stem export in one click, with loudness matching
[90m│[0m  Track freeze now works with every plug-in
[90m│[0m  ]8;;https://tidewater.app/releases/2.5\[4;90mAll changes in 2.5[0m]8;;\
[90m│[0m
[90m│[0m  [1mtidewater update apply[0m   [90mUpdate now[0m
[90m│[0m  [1mtidewater changelog[0m      [90mWhat's new[0m
[90m└[0m
── ansi16 · 80 ──
[90m┌[0m  [1;7;36m Tidewater Studio [0m[90m · update[0m
[90m│[0m
[36m◆[0m  [1mTidewater Studio 2.5[0m
[90m│[0m  [90mYou have 2.4.1 · 61 MB download[0m
[90m│[0m
[90m│[0m  [90mWhat's new[0m
[90m│[0m  Stem export in one click, with loudness matching
[90m│[0m  Track freeze now works with every plug-in
[90m│[0m  ]8;;https://tidewater.app/releases/2.5\[4;90mAll changes in 2.5[0m]8;;\
[90m│[0m
[90m│[0m  [1mtidewater update apply[0m   [90mUpdate now[0m
[90m│[0m  [1mtidewater changelog[0m      [90mWhat's new[0m
[90m└[0m
── no-color · 80 ──
┌   Tidewater Studio  · update
│
◆  Tidewater Studio 2.5
│  You have 2.4.1 · 61 MB download
│
│  What's new
│  Stem export in one click, with loudness matching
│  Track freeze now works with every plug-in
│  All changes in 2.5
│
│  tidewater update apply   Update now
│  tidewater changelog      What's new
└
── ascii · 80 ──
[90m+[0m  [1;7;36m Tidewater Studio [0m[90m - update[0m
[90m|[0m
[36m*[0m  [1mTidewater Studio 2.5[0m
[90m|[0m  [90mYou have 2.4.1 · 61 MB download[0m
[90m|[0m
[90m|[0m  [90mWhat's new[0m
[90m|[0m  Stem export in one click, with loudness matching
[90m|[0m  Track freeze now works with every plug-in
[90m|[0m  ]8;;https://tidewater.app/releases/2.5\[4;90mAll changes in 2.5[0m]8;;\
[90m|[0m
[90m|[0m  [1mtidewater update apply[0m   [90mUpdate now[0m
[90m|[0m  [1mtidewater changelog[0m      [90mWhat's new[0m
[90m`[0m
── truecolor · 60 ──
[90m┌[0m  [1;38;2;255;255;255;48;2;38;132;122m Tidewater Studio [0m[90m · update[0m
[90m│[0m
[38;2;114;202;190m◆[0m  [1mTidewater Studio 2.5[0m
[90m│[0m  [90mYou have 2.4.1 · 61 MB download[0m
[90m│[0m
[90m│[0m  [90mWhat's new[0m
[90m│[0m  Stem export in one click, with loudness matching
[90m│[0m  Track freeze now works with every plug-in
[90m│[0m  ]8;;https://tidewater.app/releases/2.5\[4;90mAll changes in 2.5[0m]8;;\
[90m│[0m
[90m│[0m  [1mtidewater update apply[0m   [90mUpdate now[0m
[90m│[0m  [1mtidewater changelog[0m      [90mWhat's new[0m
[90m└[0m
── ansi16 · 60 ──
[90m┌[0m  [1;7;36m Tidewater Studio [0m[90m · update[0m
[90m│[0m
[36m◆[0m  [1mTidewater Studio 2.5[0m
[90m│[0m  [90mYou have 2.4.1 · 61 MB download[0m
[90m│[0m
[90m│[0m  [90mWhat's new[0m
[90m│[0m  Stem export in one click, with loudness matching
[90m│[0m  Track freeze now works with every plug-in
[90m│[0m  ]8;;https://tidewater.app/releases/2.5\[4;90mAll changes in 2.5[0m]8;;\
[90m│[0m
[90m│[0m  [1mtidewater update apply[0m   [90mUpdate now[0m
[90m│[0m  [1mtidewater changelog[0m      [90mWhat's new[0m
[90m└[0m
── no-color · 60 ──
┌   Tidewater Studio  · update
│
◆  Tidewater Studio 2.5
│  You have 2.4.1 · 61 MB download
│
│  What's new
│  Stem export in one click, with loudness matching
│  Track freeze now works with every plug-in
│  All changes in 2.5
│
│  tidewater update apply   Update now
│  tidewater changelog      What's new
└
── ascii · 60 ──
[90m+[0m  [1;7;36m Tidewater Studio [0m[90m - update[0m
[90m|[0m
[36m*[0m  [1mTidewater Studio 2.5[0m
[90m|[0m  [90mYou have 2.4.1 · 61 MB download[0m
[90m|[0m
[90m|[0m  [90mWhat's new[0m
[90m|[0m  Stem export in one click, with loudness matching
[90m|[0m  Track freeze now works with every plug-in
[90m|[0m  ]8;;https://tidewater.app/releases/2.5\[4;90mAll changes in 2.5[0m]8;;\
[90m|[0m
[90m|[0m  [1mtidewater update apply[0m   [90mUpdate now[0m
[90m|[0m  [1mtidewater changelog[0m      [90mWhat's new[0m
[90m`[0m
── pipe · 80 ──
Tidewater Studio · update
Tidewater Studio 2.5
You have 2.4.1 · 61 MB download

What's new
Stem export in one click, with loudness matching
Track freeze now works with every plug-in
All changes in 2.5

tidewater update apply   Update now
tidewater changelog      What's new
