── truecolor · 80 ──
[2m┌[0m  [1;38;2;255;255;255;48;2;38;132;122m Tidewater Studio [0m[2m · update[0m
[2m│[0m
[32m✓[0m  [1m2.5 is ready[0m
[2m└[0m  Restart to finish updating.
── ansi16 · 80 ──
[2m┌[0m  [1;7;36m Tidewater Studio [0m[2m · update[0m
[2m│[0m
[32m✓[0m  [1m2.5 is ready[0m
[2m└[0m  Restart to finish updating.
── no-color · 80 ──
┌  [7m Tidewater Studio [0m · update
│
✓  [1m2.5 is ready[0m
└  Restart to finish updating.
── ascii · 80 ──
[2m+[0m  [1;7;36m Tidewater Studio [0m[2m - update[0m
[2m|[0m
[32m+[0m  [1m2.5 is ready[0m
[2m`[0m  Restart to finish updating.
── truecolor · 60 ──
[2m┌[0m  [1;38;2;255;255;255;48;2;38;132;122m Tidewater Studio [0m[2m · update[0m
[2m│[0m
[32m✓[0m  [1m2.5 is ready[0m
[2m└[0m  Restart to finish updating.
── ansi16 · 60 ──
[2m┌[0m  [1;7;36m Tidewater Studio [0m[2m · update[0m
[2m│[0m
[32m✓[0m  [1m2.5 is ready[0m
[2m└[0m  Restart to finish updating.
── no-color · 60 ──
┌  [7m Tidewater Studio [0m · update
│
✓  [1m2.5 is ready[0m
└  Restart to finish updating.
── ascii · 60 ──
[2m+[0m  [1;7;36m Tidewater Studio [0m[2m - update[0m
[2m|[0m
[32m+[0m  [1m2.5 is ready[0m
[2m`[0m  Restart to finish updating.
── pipe · 80 ──
Tidewater Studio · update
2.5 is ready
Restart to finish updating.
