── truecolor · 80 ──
[2m┌[0m  [1;38;2;255;255;255;48;2;38;132;122m Tidewater Studio [0m[2m · update[0m
[2m│[0m
[38;2;20;121;111m◆[0m  [1mTidewater Studio 2.5[0m
[2m│[0m  [38;2;20;121;111m━━━━━━━━━━━━━━━━━━━━━━[0m[2m──────────────[0m 62%
[2m│[0m  [2mDownloading · 38 MB of 61 MB · About 20 s left[0m
[2m└[0m  [1mEsc[0m [2mcancel[0m
── ansi16 · 80 ──
[2m┌[0m  [1;7;36m Tidewater Studio [0m[2m · update[0m
[2m│[0m
[36m◆[0m  [1mTidewater Studio 2.5[0m
[2m│[0m  [36m━━━━━━━━━━━━━━━━━━━━━━[0m[2m──────────────[0m 62%
[2m│[0m  [2mDownloading · 38 MB of 61 MB · About 20 s left[0m
[2m└[0m  [1mEsc[0m [2mcancel[0m
── no-color · 80 ──
┌  [7m Tidewater Studio [0m · update
│
◆  [1mTidewater Studio 2.5[0m
│  ━━━━━━━━━━━━━━━━━━━━━━────────────── 62%
│  Downloading · 38 MB of 61 MB · About 20 s left
└  [1mEsc[0m cancel
── ascii · 80 ──
[2m+[0m  [1;7;36m Tidewater Studio [0m[2m - update[0m
[2m|[0m
[36m*[0m  [1mTidewater Studio 2.5[0m
[2m|[0m  [36m######################[0m[2m--------------[0m 62%
[2m|[0m  [2mDownloading · 38 MB of 61 MB - About 20 s left[0m
[2m`[0m  [1mEsc[0m [2mcancel[0m
── truecolor · 60 ──
[2m┌[0m  [1;38;2;255;255;255;48;2;38;132;122m Tidewater Studio [0m[2m · update[0m
[2m│[0m
[38;2;20;121;111m◆[0m  [1mTidewater Studio 2.5[0m
[2m│[0m  [38;2;20;121;111m━━━━━━━━━━━━━━━━━[0m[2m──────────[0m 62%
[2m│[0m  [2mDownloading · 38 MB of 61 MB · About 20 s left[0m
[2m└[0m  [1mEsc[0m [2mcancel[0m
── ansi16 · 60 ──
[2m┌[0m  [1;7;36m Tidewater Studio [0m[2m · update[0m
[2m│[0m
[36m◆[0m  [1mTidewater Studio 2.5[0m
[2m│[0m  [36m━━━━━━━━━━━━━━━━━[0m[2m──────────[0m 62%
[2m│[0m  [2mDownloading · 38 MB of 61 MB · About 20 s left[0m
[2m└[0m  [1mEsc[0m [2mcancel[0m
── no-color · 60 ──
┌  [7m Tidewater Studio [0m · update
│
◆  [1mTidewater Studio 2.5[0m
│  ━━━━━━━━━━━━━━━━━────────── 62%
│  Downloading · 38 MB of 61 MB · About 20 s left
└  [1mEsc[0m cancel
── ascii · 60 ──
[2m+[0m  [1;7;36m Tidewater Studio [0m[2m - update[0m
[2m|[0m
[36m*[0m  [1mTidewater Studio 2.5[0m
[2m|[0m  [36m#################[0m[2m----------[0m 62%
[2m|[0m  [2mDownloading · 38 MB of 61 MB - About 20 s left[0m
[2m`[0m  [1mEsc[0m [2mcancel[0m
── pipe · 80 ──
Tidewater Studio · update
Tidewater Studio 2.5
62%
Downloading · 38 MB of 61 MB · About 20 s left
