── truecolor · 80 ──
[90m┌[0m  [1;38;2;255;255;255;48;2;38;132;122m Tidewater Studio [0m[90m · update[0m
[90m│[0m
[31m✗[0m  [1mContent withdrawn[0m
[90m│[0m  Some of Tidewater Studio's content was withdrawn and can't be used. Update
[90m│[0m  Tidewater Studio to keep going.
[90m│[0m
[90m│[0m  [1mtidewater update apply[0m   [90mUpdate now[0m
[90m└[0m
── ansi16 · 80 ──
[90m┌[0m  [1;7;36m Tidewater Studio [0m[90m · update[0m
[90m│[0m
[31m✗[0m  [1mContent withdrawn[0m
[90m│[0m  Some of Tidewater Studio's content was withdrawn and can't be used. Update
[90m│[0m  Tidewater Studio to keep going.
[90m│[0m
[90m│[0m  [1mtidewater update apply[0m   [90mUpdate now[0m
[90m└[0m
── no-color · 80 ──
┌   Tidewater Studio  · update
│
✗  Content withdrawn
│  Some of Tidewater Studio's content was withdrawn and can't be used. Update
│  Tidewater Studio to keep going.
│
│  tidewater update apply   Update now
└
── ascii · 80 ──
[90m+[0m  [1;7;36m Tidewater Studio [0m[90m - update[0m
[90m|[0m
[31mx[0m  [1mContent withdrawn[0m
[90m|[0m  Some of Tidewater Studio's content was withdrawn and can't be used. Update
[90m|[0m  Tidewater Studio to keep going.
[90m|[0m
[90m|[0m  [1mtidewater update apply[0m   [90mUpdate now[0m
[90m`[0m
── truecolor · 60 ──
[90m┌[0m  [1;38;2;255;255;255;48;2;38;132;122m Tidewater Studio [0m[90m · update[0m
[90m│[0m
[31m✗[0m  [1mContent withdrawn[0m
[90m│[0m  Some of Tidewater Studio's content was withdrawn and
[90m│[0m  can't be used. Update Tidewater Studio to keep going.
[90m│[0m
[90m│[0m  [1mtidewater update apply[0m   [90mUpdate now[0m
[90m└[0m
── ansi16 · 60 ──
[90m┌[0m  [1;7;36m Tidewater Studio [0m[90m · update[0m
[90m│[0m
[31m✗[0m  [1mContent withdrawn[0m
[90m│[0m  Some of Tidewater Studio's content was withdrawn and
[90m│[0m  can't be used. Update Tidewater Studio to keep going.
[90m│[0m
[90m│[0m  [1mtidewater update apply[0m   [90mUpdate now[0m
[90m└[0m
── no-color · 60 ──
┌   Tidewater Studio  · update
│
✗  Content withdrawn
│  Some of Tidewater Studio's content was withdrawn and
│  can't be used. Update Tidewater Studio to keep going.
│
│  tidewater update apply   Update now
└
── ascii · 60 ──
[90m+[0m  [1;7;36m Tidewater Studio [0m[90m - update[0m
[90m|[0m
[31mx[0m  [1mContent withdrawn[0m
[90m|[0m  Some of Tidewater Studio's content was withdrawn and
[90m|[0m  can't be used. Update Tidewater Studio to keep going.
[90m|[0m
[90m|[0m  [1mtidewater update apply[0m   [90mUpdate now[0m
[90m`[0m
── pipe · 80 ──
Tidewater Studio · update
Content withdrawn
Some of Tidewater Studio's content was withdrawn and can't be used. Update
Tidewater Studio to keep going.

tidewater update apply   Update now
